// Jest Snapshot v1, https://goo.gl/fbAQLP

exports[`mounts 1`] = `
.emotion-0 {
  position: relative;
  color: white;
  background: #1c191c;
  line-height: 130px;
  font-size: 6em;
  -webkit-flex: 1;
  -ms-flex: 1;
  flex: 1;
}

<div
  class="emotion-0"
>
  <div
    class="autoScalingText"
    data-testid="total"
    style="transform: scale(1,1);"
  >
    0
  </div>
</div>
`;
